## 开始执行... 2025-11-11 20:04:40


🔔Dify-定时工作流, 开始!
工作流【彭博社即时新闻AI总结分析】开始执行...
进入Dify工作流，请耐心等待...
工作流开始执行
工作流node节点执行任务中
工作流node节点执行任务中
工作流node节点执行任务中
工作流node节点执行任务中
工作流node节点执行任务中
工作流node节点执行任务中
工作流node节点执行任务中
工作流node节点执行任务中
工作流node节点执行任务中
工作流执行完毕，正在组装数据进行发送

获取工作流执行结果 8d12c5e8-bf2e-4391-a461-8f8941061bca {"result": "\nTesla的Cybertruck项目负责人Siddhant Awasthi宣布离职，这是该公司今年系列高层辞职中的最新一例，凸显其在销售疲软、关键激励政策取消和AI项目缩减（如Dojo团队解散）背景下的管理动荡。Awasthi自2017年作为实习生加入，曾主导Model 3与Cybertruck的生产，而Cybertruck自2019年推出后虽具话题性，却屡遭召回且销量未达预期。\n\nTyson Foods预计2026财年调整后的营业利润基本持平于22.9亿美元，尽管牛肉价格创历史新高，但因 cattle短缺导致加工亏损扩大至4-6亿美元，肉企并未从高价中获利，反受高成本侵蚀；鸡肉业务虽因销量增长带来利润上升，但价格疲软已威胁其收益可持续性。\n\n南非矿业公司Sibanye Stillwater以2.15亿美元和解与Appian的法律纠纷，避免了可能高达7.21亿美元的赔偿，市场反应积极，股价单日上涨7.2%；该纠纷源于2022年Sibanye单方面终止收购巴西两个矿场的12亿美元交易，法院已裁定其违约。\n\n欧洲私募基金Investindustrial以29亿美元（每股22.5美元）收购私营食品制造商TreeHouse Foods，溢价38%，交易预计2026年第一季度完成；TreeHouse为沃尔玛等零售渠道提供自有品牌食品，今年股价已腰斩，此次收购旨在整合其在食品代工领域的潜力。\n\n俄罗斯石油巨头Lukoil因美国制裁宣布对伊拉克West Qurna 2油田的石油交付“不可抗力”，并暂停付款，此前美国已否决其将资产出售给Gunvor集团的计划，标志着制裁正实质性影响其海外运营；伊拉克已冻结对Lukoil的支付，油田日产量逾48万桶，未来出口前景不明。\n\nApollo Global Management以22亿欧元估值收购西甲球队马德里竞技控股权，成为继Clearlake、Oaktree等之后又一进入体育产业的顶级私募，交易将推动新建“Ciudad del Deporte”综合体育娱乐区，预计2026年一季度完成，凸显全球资本正加速涌入足球资产。\n\n墨西哥政府宣布投入超31亿美元，部署超万名军警，强化米却肯州安全，回应市长Carlos Manzo遭暗杀事件；该州是贩毒集团暴力重灾区，过去四年已有七名市长遇害，政府计划封锁省界、保护鳄梨与柠檬种植者，并联合私营部门推进基础设施建设以稳定社会秩序。", "titles": null, "agent": 1}

🔔Dify-定时工作流, 结束! 🕛 13.365 秒


执行后置命令

📄 Found today's latest log: 2025-11-11-20-04-39-812.log
✅ Uploaded successfully: { status: '200', message: 'Sent results successfully.' }

执行后置命令结束

## 执行结束... 2025-11-11 20:05:00  耗时 20 秒　　　　　
